/* -*- Mode: c -*- */
####################################################################################################
Core 0
####################################################################################################
Cumulative:        Cycles: 24874994              Instructions: 4194329               IPC: 0.16862

PREF_DL0REQ_QUEUE_HIT_BY_DEMAND                      0                              0              

PREF_UMLC_REQ_QUEUE_HIT_BY_DEMAND                    0                              0              

PREF_UL1REQ_QUEUE_HIT_BY_DEMAND                      0                              0              

PREF_DL0REQ_QUEUE_FULL                               0                              0              

PREF_UMLC_REQ_QUEUE_FULL                             0                              0              

PREF_UL1REQ_QUEUE_FULL                               0                              0              

PREF_DC_HIT_NOSEND                                   0                              0              

PREF_WBQDC_HIT_NOSEND                                0                              0              

PREF_MLCQ_STALL                                      0                              0              

PREF_L1Q_STALL                                       0                              0              

PREF_UMLC_REQ_SEND_QUEUE_STALL                       0                              0              

PREF_UL1REQ_SEND_QUEUE_STALL                         0                              0              

PREF_UMLC_REQ_QUEUE_SENTREQ                          0                              0              

PREF_UL1REQ_QUEUE_SENTREQ                      1008789                        1008789              

PREF_NEWREQ_MATCHED                                  1                              1              

PREF_UMLC_REQ_QUEUE_MATCHED_REQ                      0                              0              

PREF_UL1REQ_QUEUE_MATCHED_REQ                  9660740                        9660740              

PREF_DL0REQ_QUEUE_MATCHED_REQ                        0                              0              

L1_PREF_HIT                                     325049                         325049              

L1_PREF_UNIQUE_HIT                              325049                         325049              

L1_PREF_LATE                                    683557                         683557              

L1_LATE_PREF_CYCLES                          139771713                      139771713              

L1_LATE_PREF_CYCLES_DIST_0                       17569        2.570%            17569        2.570%
L1_LATE_PREF_CYCLES_DIST_100                    416462       60.926%           416462       60.926%
L1_LATE_PREF_CYCLES_DIST_200                    227937       33.346%           227937       33.346%
L1_LATE_PREF_CYCLES_DIST_300                     12824        1.876%            12824        1.876%
L1_LATE_PREF_CYCLES_DIST_400                         8        0.001%                8        0.001%
L1_LATE_PREF_CYCLES_DIST_500                         0        0.000%                0        0.000%
L1_LATE_PREF_CYCLES_DIST_600                         0        0.000%                0        0.000%
L1_LATE_PREF_CYCLES_DIST_700                         0        0.000%                0        0.000%
L1_LATE_PREF_CYCLES_DIST_800                         0        0.000%                0        0.000%
L1_LATE_PREF_CYCLES_DIST_900                         6        0.001%                6        0.001%
L1_LATE_PREF_CYCLES_DIST_1000                      176        0.026%              176        0.026%
L1_LATE_PREF_CYCLES_DIST_1100                      684        0.100%              684        0.100%
L1_LATE_PREF_CYCLES_DIST_1200                     1660        0.243%             1660        0.243%
L1_LATE_PREF_CYCLES_DIST_1300                     2741        0.401%             2741        0.401%
L1_LATE_PREF_CYCLES_DIST_1400                     3084        0.451%             3084        0.451%
L1_LATE_PREF_CYCLES_DIST_1500                      405        0.059%              405        0.059%
L1_LATE_PREF_CYCLES_DIST_1600                        1        0.000%                1        0.000%
L1_LATE_PREF_CYCLES_DIST_1700                        0        0.000%                0        0.000%
L1_LATE_PREF_CYCLES_DIST_1800                        0        0.000%                0        0.000%
L1_LATE_PREF_CYCLES_DIST_1900                        0        0.000%                0        0.000%
L1_LATE_PREF_CYCLES_DIST_2000                        0        0.000%                0        0.000%
                                                683557      100.000%           683557      100.000%
                                                  1.50         1.41              1.50         1.41

MLC_PREF_HIT                                         0                              0              

MLC_PREF_UNIQUE_HIT                                  0                              0              

MLC_PREF_LATE                                        0                              0              

PREF_HYBRID_SEL_0                                    0         -nan%                0         -nan%
PREF_HYBRID_SEL_1                                    0         -nan%                0         -nan%
PREF_HYBRID_SEL_2                                    0         -nan%                0         -nan%
PREF_HYBRID_SEL_3                                    0         -nan%                0         -nan%
PREF_HYBRID_SEL_4                                    0         -nan%                0         -nan%
PREF_HYBRID_SEL_5                                    0         -nan%                0         -nan%
PREF_HYBRID_SEL_6                                    0         -nan%                0         -nan%
                                                     0         -nan%                0         -nan%
                                                  -nan         -nan              -nan         -nan

PREF_DISTANCE_1                                      0         -nan%                0         -nan%
PREF_DISTANCE_2                                      0         -nan%                0         -nan%
PREF_DISTANCE_3                                      0         -nan%                0         -nan%
PREF_DISTANCE_4                                      0         -nan%                0         -nan%
PREF_DISTANCE_5                                      0         -nan%                0         -nan%
PREF_DISTANCE_6                                      0         -nan%                0         -nan%
PREF_DISTANCE_7                                      0         -nan%                0         -nan%
PREF_DISTANCE_8                                      0         -nan%                0         -nan%
PREF_DISTANCE_9                                      0         -nan%                0         -nan%
PREF_DISTANCE_10                                     0         -nan%                0         -nan%
                                                     0         -nan%                0         -nan%
                                                  -nan         -nan              -nan         -nan

PREF_REPL_MRU                                        0         -nan%                0         -nan%
PREF_REPL_MID                                        0         -nan%                0         -nan%
PREF_REPL_LOWQTR                                     0         -nan%                0         -nan%
PREF_REPL_LRU                                        0         -nan%                0         -nan%
                                                     0         -nan%                0         -nan%
                                                  -nan         -nan              -nan         -nan

PREF_REPL_MOVEDOWN                                   0         -nan%                0         -nan%
PREF_REPL_MOVEUP                                     0         -nan%                0         -nan%
                                                     0         -nan%                0         -nan%
                                                  -nan         -nan              -nan         -nan

PREF_COV_1                                           0         -nan%                0         -nan%
PREF_COV_2                                           0         -nan%                0         -nan%
PREF_COV_3                                           0         -nan%                0         -nan%
PREF_COV_4                                           0         -nan%                0         -nan%
PREF_COV_5                                           0         -nan%                0         -nan%
PREF_COV_6                                           0         -nan%                0         -nan%
PREF_COV_7                                           0         -nan%                0         -nan%
PREF_COV_8                                           0         -nan%                0         -nan%
PREF_COV_9                                           0         -nan%                0         -nan%
PREF_COV_10                                          0         -nan%                0         -nan%
                                                     0         -nan%                0         -nan%
                                                  -nan         -nan              -nan         -nan

PREF_POL_1                                           0        0.000%                0        0.000%
PREF_POL_2                                           0        0.000%                0        0.000%
PREF_POL_3                                           0        0.000%                0        0.000%
PREF_POL_4                                           0        0.000%                0        0.000%
PREF_POL_5                                           0        0.000%                0        0.000%
PREF_POL_6                                           0        0.000%                0        0.000%
PREF_POL_7                                           0        0.000%                0        0.000%
PREF_POL_8                                           0        0.000%                0        0.000%
PREF_POL_9                                           0        0.000%                0        0.000%
PREF_POL_10                                        126      100.000%              126      100.000%
                                                   126      100.000%              126      100.000%
                                                  9.00         9.04              9.00         9.04

PREF_ACC_1                                         126      100.000%              126      100.000%
PREF_ACC_2                                           0        0.000%                0        0.000%
PREF_ACC_3                                           0        0.000%                0        0.000%
PREF_ACC_4                                           0        0.000%                0        0.000%
PREF_ACC_5                                           0        0.000%                0        0.000%
PREF_ACC_6                                           0        0.000%                0        0.000%
PREF_ACC_7                                           0        0.000%                0        0.000%
PREF_ACC_8                                           0        0.000%                0        0.000%
PREF_ACC_9                                           0        0.000%                0        0.000%
PREF_ACC_10                                          0        0.000%                0        0.000%
                                                   126      100.000%              126      100.000%
                                                  0.00         0.00              0.00         0.00

PREF_TIMELY_1                                        0        0.000%                0        0.000%
PREF_TIMELY_2                                        0        0.000%                0        0.000%
PREF_TIMELY_3                                       15       11.905%               15       11.905%
PREF_TIMELY_4                                      111       88.095%              111       88.095%
PREF_TIMELY_5                                        0        0.000%                0        0.000%
PREF_TIMELY_6                                        0        0.000%                0        0.000%
PREF_TIMELY_7                                        0        0.000%                0        0.000%
PREF_TIMELY_8                                        0        0.000%                0        0.000%
PREF_TIMELY_9                                        0        0.000%                0        0.000%
PREF_TIMELY_10                                       0        0.000%                0        0.000%
                                                   126      100.000%              126      100.000%
                                                  2.88         0.33              2.88         0.33

PREF_UNUSED_EVICT                                  161                            161              

PREF_REGION_SENT                                     0                              0              

PREF_REGION_USEFUL                                   0                              0              

PREF_REGION_EVICT                                    0                              0              

PREF_PFPOL                                           0                              0              

PREF_PHASE_NEWPHASE_DET                              0                              0              

PREF_PHASE_NEWPHASE_NOTVALID                         0                              0              

PREF_PHASE_SENTPREF                                  0                              0              

PREF_PHASE_OVERWRITE_PAGE                            0                              0              

PREF_UPDATE_COUNT                                    0                              0              

PREF_ACC1_HT_HP                                      0         -nan%                0         -nan%
PREF_ACC1_HT_LP                                      0         -nan%                0         -nan%
PREF_ACC1_LT_HP                                      0         -nan%                0         -nan%
PREF_ACC1_LT_LP                                      0         -nan%                0         -nan%
PREF_ACC2_HT_HP                                      0         -nan%                0         -nan%
PREF_ACC2_HT_LP                                      0         -nan%                0         -nan%
PREF_ACC2_LT_HP                                      0         -nan%                0         -nan%
PREF_ACC2_LT_LP                                      0         -nan%                0         -nan%
PREF_ACC3_HT_HP                                      0         -nan%                0         -nan%
PREF_ACC3_HT_LP                                      0         -nan%                0         -nan%
PREF_ACC3_LT_HP                                      0         -nan%                0         -nan%
PREF_ACC3_LT_LP                                      0         -nan%                0         -nan%
PREF_ACC4_HT_HP                                      0         -nan%                0         -nan%
PREF_ACC4_HT_LP                                      0         -nan%                0         -nan%
PREF_ACC4_LT_HP                                      0         -nan%                0         -nan%
PREF_ACC4_LT_LP                                      0         -nan%                0         -nan%
                                                     0         -nan%                0         -nan%
                                                  -nan         -nan              -nan         -nan

PREF_SPP_OPERATE                               1048598                        1048598              

PREF_SPP_ST_HIT                                1024002                        1024002              

PREF_SPP_ST_MISS_INSTALL                         24596                          24596              

PREF_SPP_GHR_BOOT                                24580                          24580              

PREF_SPP_PF_ISSUED_L2                           756444                         756444              

PREF_SPP_PF_ISSUED_LLC                         9913085                        9913085              

PREF_SPP_PF_FILTERED                            162597                         162597              

PREF_SPP_PF_PAGE_CROSS                         2041584                        2041584              

PREF_SPP_PF_USEFUL                              756435                         756435              

PREF_SPP_LOOKAHEAD_DEPTH_TOTAL                12873710                       12873710              

PREF_SPP_LOOKAHEAD_DEPTH_0                          46       71.875%               46       71.875%
PREF_SPP_LOOKAHEAD_DEPTH_1                          18       28.125%               18       28.125%
                                                    64      100.000%               64      100.000%
                                                  0.28         0.41              0.28         0.41

PREF_SPP_LOOKAHEAD_DEPTH_2                           4      100.000%                4      100.000%
PREF_SPP_LOOKAHEAD_DEPTH_3                           0        0.000%                0        0.000%
                                                     4      100.000%                4      100.000%
                                                  0.00         0.00              0.00         0.00

PREF_SPP_LOOKAHEAD_DEPTH_4                           2       66.667%                2       66.667%
PREF_SPP_LOOKAHEAD_DEPTH_5                           1       33.333%                1       33.333%
                                                     3      100.000%                3      100.000%
                                                  0.33         0.53              0.33         0.53

PREF_SPP_LOOKAHEAD_DEPTH_6                           3       60.000%                3       60.000%
PREF_SPP_LOOKAHEAD_DEPTH_7                           2       40.000%                2       40.000%
                                                     5      100.000%                5      100.000%
                                                  0.40         0.51              0.40         0.51

PREF_SPP_LOOKAHEAD_DEPTH_8                          56        0.005%               56        0.005%
PREF_SPP_LOOKAHEAD_DEPTH_GE9                   1048466       99.995%          1048466       99.995%
                                               1048522      100.000%          1048522      100.000%
                                                  1.00         1.00              1.00         1.00



