/* -*- Mode: c -*- */
####################################################################################################
Core 0
####################################################################################################
Cumulative:        Cycles: 15997445              Instructions: 10000004              IPC: 0.62510

ST_OP_INV                                            0        0.000%                0        0.000%
ST_OP_NOP                                            1        0.000%                1        0.000%
ST_OP_CF                                        714304        6.667%           714304        6.667%
ST_OP_MOV                                      2857215       26.667%          2857215       26.667%
ST_OP_CMOV                                           0        0.000%                0        0.000%
ST_OP_LDA                                            1        0.000%                1        0.000%
ST_OP_IMEM                                      714305        6.667%           714305        6.667%
ST_OP_IADD                                     1428607       13.333%          1428607       13.333%
ST_OP_IMUL                                           0        0.000%                0        0.000%
ST_OP_IDIV                                           0        0.000%                0        0.000%
ST_OP_ICMP                                           0        0.000%                0        0.000%
ST_OP_LOGIC                                    2857213       26.667%          2857213       26.667%
ST_OP_SHIFT                                    2142909       20.000%          2142909       20.000%
ST_OP_FMEM                                           0        0.000%                0        0.000%
ST_OP_FCVT                                           0        0.000%                0        0.000%
ST_OP_FADD                                           0        0.000%                0        0.000%
ST_OP_FMUL                                           0        0.000%                0        0.000%
ST_OP_FMA                                            0        0.000%                0        0.000%
ST_OP_FDIV                                           0        0.000%                0        0.000%
ST_OP_FCMP                                           0        0.000%                0        0.000%
ST_OP_FCMOV                                          0        0.000%                0        0.000%
ST_OP_GATHER                                         0        0.000%                0        0.000%
ST_OP_SCATTER                                        0        0.000%                0        0.000%
ST_OP_PIPELINED_FAST                                 0        0.000%                0        0.000%
ST_OP_PIPELINED_MEDIUM                               0        0.000%                0        0.000%
ST_OP_PIPELINED_SLOW                                 0        0.000%                0        0.000%
ST_OP_NOTPIPELINED_MEDIUM                            0        0.000%                0        0.000%
ST_OP_NOTPIPELINED_SLOW                              0        0.000%                0        0.000%
ST_OP_NOTPIPELINED_VERY_SLOW                         0        0.000%                0        0.000%
                                              10714555      100.000%         10714555      100.000%
                                                  7.60         3.86              7.60         3.86

ST_NOT_CF                                     10000251       93.333%         10000251       93.333%
ST_CF_BR                                             0        0.000%                0        0.000%
ST_CF_CBR                                       714303        6.667%           714303        6.667%
ST_CF_CALL                                           1        0.000%                1        0.000%
ST_CF_IBR                                            0        0.000%                0        0.000%
ST_CF_ICALL                                          0        0.000%                0        0.000%
ST_CF_ICO                                            0        0.000%                0        0.000%
ST_CF_RET                                            0        0.000%                0        0.000%
ST_CF_SYS                                            0        0.000%                0        0.000%
                                              10714555      100.000%         10714555      100.000%
                                                  0.13         0.48              0.13         0.48

ST_BAR_NONE                                   10714555      100.000%         10714555      100.000%
ST_BAR_FETCH                                         0        0.000%                0        0.000%
ST_BAR_ISSUE                                         0        0.000%                0        0.000%
ST_BAR_BOTH                                          0        0.000%                0        0.000%
                                              10714555      100.000%         10714555      100.000%
                                                  0.00         0.00              0.00         0.00

ST_NOT_MEM                                    10000250       93.333%         10000250       93.333%
ST_MEM_LD                                       714304        6.667%           714304        6.667%
ST_MEM_ST                                            1        0.000%                1        0.000%
ST_MEM_PF                                            0        0.000%                0        0.000%
ST_MEM_WH                                            0        0.000%                0        0.000%
ST_MEM_EVICT                                         0        0.000%                0        0.000%
                                              10714555      100.000%         10714555      100.000%
                                                  0.07         0.24              0.07         0.24

ST_NOT_MEM_OFFPATH                                   4      100.000%                4      100.000%
ST_MEM_LD_OFFPATH                                    0        0.000%                0        0.000%
ST_MEM_ST_OFFPATH                                    0        0.000%                0        0.000%
ST_MEM_PF_OFFPATH                                    0        0.000%                0        0.000%
ST_MEM_WH_OFFPATH                                    0        0.000%                0        0.000%
ST_MEM_EVIC_OFFPATHT                                 0        0.000%                0        0.000%
                                                     4      100.000%                4      100.000%
                                                  0.00         0.00              0.00         0.00

ST_OP_ONPATH                                  10714555                       10714555              

ST_OP_OFFPATH                                        4                              4              

ST_FAKE_OP_OFFPATH                                   0        0.000%                0        0.000%
ST_NOT_FAKE_OP_OFFPATH                               4      100.000%                4      100.000%
                                                     4      100.000%                4      100.000%
                                                  1.00         1.15              1.00         1.15

ST_FAKE_REASON_NOT_FAKE                              4      100.000%                4      100.000%
ST_FAKE_REASON_REDIRECT_TO_NOT_INSTRUMENTED             0        0.000%                0        0.000%
ST_FAKE_REASON_RETURN_TO_NOT_INSTRUMENTED             0        0.000%                0        0.000%
ST_FAKE_REASON_NONRET_CF_TO_NOT_INSTRUMENTED             0        0.000%                0        0.000%
ST_FAKE_REASON_NOT_TAKEN_TO_NOT_INSTRUMENTED             0        0.000%                0        0.000%
ST_FAKE_REASON_WRONG_PATH_STORE_TO_NEW_REGION             0        0.000%                0        0.000%
                                                     4      100.000%                4      100.000%
                                                  0.00         0.00              0.00         0.00

ST_INST_ONPATH                                10000250                       10000250              

ST_INST_OFFPATH                                      4                              4              

STATIC_PIN_NOP                                       0                              0              

DYNAMIC_PIN_REP_GREATER_256                          0                              0              



