/* -*- Mode: c -*- */
####################################################################################################
Core 0
####################################################################################################
Cumulative:        Cycles: 1812549               Instructions: 599205                IPC: 0.33059

EXECUTION_TIME                            566421562500                   566421562500              

NODE_CYCLE                                     1812549                        1812549              

NODE_INST_COUNT                                 599205                         599205              

NODE_UOP_COUNT                                  749007                         749007              

FULL_WINDOW_STALL                              1811754       99.956%          1811754       99.956%

FULL_WINDOW_MEM_OP                             1233553       76.399%          1233553       76.399%
FULL_WINDOW_FP_OP                                    0        0.000%                0        0.000%
FULL_WINDOW_OTHER_OP                            381070       23.601%           381070       23.601%
                                               1614623      100.000%          1614623      100.000%
                                                  0.47         0.78              0.47         0.78

RET_BLOCKED_DC_MISS                            1281428       70.698%          1281428       70.698%

RET_BLOCKED_L1_MISS                            1281409       70.697%          1281409       70.697%

RET_BLOCKED_L1_MISS_BW_PREF                          0        0.000%                0        0.000%

RET_BLOCKED_L1_ACCESS                               19        0.001%               19        0.001%

RET_BLOCKED_MEM_STALL                          1281409       70.697%          1281409       70.697%

RET_BLOCKED_OFFCHIP_DEMAND                           0        0.000%                0        0.000%

OP_ISSUED                                       749018                         749018              

OP_RETIRED                                      749007                         749007              

REPLAY_SIGNALED                                      0                              0              

REPLAY_COUNTED                                       0                              0              

OFF_CRITICAL_PATH                                    0         -nan%                0         -nan%
ON_CRITICAL_PATH                                     0         -nan%                0         -nan%
                                                     0         -nan%                0         -nan%
                                                  -nan         -nan              -nan         -nan

LD_NO_DEPENDENTS                                     0        0.000%                0        0.000%
LD_DEPENDENTS                                   149799      100.000%           149799      100.000%
                                                149799      100.000%           149799      100.000%
                                                  1.00         1.00              1.00         1.00

LD_EXEC_CYCLES_0                                     0        0.000%                0        0.000%
LD_EXEC_CYCLES_1                                     0        0.000%                0        0.000%
LD_EXEC_CYCLES_2                                     0        0.000%                0        0.000%
LD_EXEC_CYCLES_3                                     0        0.000%                0        0.000%
LD_EXEC_CYCLES_4                                     1      100.000%                1      100.000%
                                                     1      100.000%                1      100.000%
                                                  4.00          inf              4.00          inf

FU_BUSY_0                                      1017349                        1017349              

FU_BUSY_1                                      1078946                        1078946              

FU_BUSY_2                                       744947                         744947              

FU_BUSY_3                                       467108                         467108              

FU_BUSY_4                                       586955                         586955              

FU_BUSY_5                                       286571                         286571              

FU_BUSY_6                                       235199                         235199              

FU_BUSY_7                                       127175                         127175              

FU_BUSY_8                                            0                              0              

FU_BUSY_9                                            0                              0              

FU_BUSY_10                                           0                              0              

FU_BUSY_11                                           0                              0              

FU_BUSY_12                                           0                              0              

FU_BUSY_13                                           0                              0              

FU_BUSY_14                                           0                              0              

FU_BUSY_15                                           0                              0              

FU_BUSY_16                                           0                              0              

FU_BUSY_17                                           0                              0              

FU_BUSY_18                                           0                              0              

FU_BUSY_19                                           0                              0              

FU_BUSY_20                                           0                              0              

FU_BUSY_21                                           0                              0              

FU_BUSY_22                                           0                              0              

FU_BUSY_23                                           0                              0              

FU_BUSY_24                                           0                              0              

FU_BUSY_25                                           0                              0              

FU_BUSY_26                                           0                              0              

FU_BUSY_27                                           0                              0              

FU_BUSY_28                                           0                              0              

FU_BUSY_29                                           0                              0              

FU_BUSY_30                                           0                              0              

FU_BUSY_31                                           0                              0              

OP_WAIT_0                                       460344                         460344              

OP_WAIT_1                                       168682                         168682              

OP_WAIT_2                                        36173                          36173              

OP_WAIT_3                                        22467                          22467              

OP_WAIT_4                                         7322                           7322              

OP_WAIT_5                                         3769                           3769              

OP_WAIT_6                                         3003                           3003              

OP_WAIT_7                                         5534                           5534              

OP_WAIT_8                                         3512                           3512              

OP_WAIT_9                                         2690                           2690              

OP_WAIT_10                                        2177                           2177              

OP_WAIT_11                                        1998                           1998              

OP_WAIT_12                                        1616                           1616              

OP_WAIT_13                                        1073                           1073              

OP_WAIT_14                                         778                            778              

OP_WAIT_15                                         669                            669              

OP_WAIT_16                                         941                            941              

OP_WAIT_17                                        1526                           1526              

OP_WAIT_18                                        1617                           1617              

OP_WAIT_19                                        1300                           1300              

OP_WAIT_20                                        1458                           1458              

OP_WAIT_21                                        1591                           1591              

OP_WAIT_22                                        1383                           1383              

OP_WAIT_23                                         706                            706              

OP_WAIT_24                                         401                            401              

OP_WAIT_25                                         280                            280              

OP_WAIT_26                                         317                            317              

OP_WAIT_27                                         494                            494              

OP_WAIT_28                                         483                            483              

OP_WAIT_29                                         621                            621              

OP_WAIT_30                                         596                            596              

OP_WAIT_31                                       13486                          13486              

ROW_SIZE_0                                     1615117                        1615117              

ROW_SIZE_1                                       47423                          47423              

ROW_SIZE_2                                           3                              3              

ROW_SIZE_3                                           2                              2              

ROW_SIZE_4                                       47424                          47424              

ROW_SIZE_5                                      102374                         102374              

ROW_SIZE_6                                           1                              1              

ROW_SIZE_7                                           0                              0              

ROW_SIZE_8                                           0                              0              

ROW_SIZE_9                                           0                              0              

ROW_SIZE_10                                          0                              0              

ROW_SIZE_11                                          0                              0              

ROW_SIZE_12                                          0                              0              

ROW_SIZE_13                                          0                              0              

ROW_SIZE_14                                          0                              0              

ROW_SIZE_15                                          0                              0              

ROW_SIZE_16                                          0                              0              

ROW_SIZE_17                                          0                              0              

ROW_SIZE_18                                          0                              0              

ROW_SIZE_19                                          0                              0              

ROW_SIZE_20                                          0                              0              

ROW_SIZE_21                                          0                              0              

ROW_SIZE_22                                          0                              0              

ROW_SIZE_23                                          0                              0              

ROW_SIZE_24                                          0                              0              

ROW_SIZE_25                                          0                              0              

ROW_SIZE_26                                          0                              0              

ROW_SIZE_27                                          0                              0              

ROW_SIZE_28                                          0                              0              

ROW_SIZE_29                                          0                              0              

ROW_SIZE_30                                          0                              0              

ROW_SIZE_31                                          0                              0              

RET_OP_EXEC_COUNT_0                                  0        0.000%                0        0.000%
RET_OP_EXEC_COUNT_1                             749007      100.000%           749007      100.000%
RET_OP_EXEC_COUNT_2                                  0        0.000%                0        0.000%
RET_OP_EXEC_COUNT_3                                  0        0.000%                0        0.000%
RET_OP_EXEC_COUNT_4                                  0        0.000%                0        0.000%
RET_OP_EXEC_COUNT_5                                  0        0.000%                0        0.000%
RET_OP_EXEC_COUNT_6                                  0        0.000%                0        0.000%
RET_OP_EXEC_COUNT_7                                  0        0.000%                0        0.000%
RET_OP_EXEC_COUNT_8                                  0        0.000%                0        0.000%
RET_OP_EXEC_COUNT_9                                  0        0.000%                0        0.000%
RET_OP_EXEC_COUNT_10                                 0        0.000%                0        0.000%
RET_OP_EXEC_COUNT_11                                 0        0.000%                0        0.000%
RET_OP_EXEC_COUNT_12                                 0        0.000%                0        0.000%
RET_OP_EXEC_COUNT_13                                 0        0.000%                0        0.000%
RET_OP_EXEC_COUNT_14                                 0        0.000%                0        0.000%
RET_OP_EXEC_COUNT_15                                 0        0.000%                0        0.000%
RET_OP_EXEC_COUNT_16                                 0        0.000%                0        0.000%
RET_OP_EXEC_COUNT_17                                 0        0.000%                0        0.000%
RET_OP_EXEC_COUNT_18                                 0        0.000%                0        0.000%
RET_OP_EXEC_COUNT_19                                 0        0.000%                0        0.000%
RET_OP_EXEC_COUNT_20                                 0        0.000%                0        0.000%
RET_OP_EXEC_COUNT_21                                 0        0.000%                0        0.000%
RET_OP_EXEC_COUNT_22                                 0        0.000%                0        0.000%
RET_OP_EXEC_COUNT_23                                 0        0.000%                0        0.000%
RET_OP_EXEC_COUNT_24                                 0        0.000%                0        0.000%
RET_OP_EXEC_COUNT_25                                 0        0.000%                0        0.000%
RET_OP_EXEC_COUNT_26                                 0        0.000%                0        0.000%
RET_OP_EXEC_COUNT_27                                 0        0.000%                0        0.000%
RET_OP_EXEC_COUNT_28                                 0        0.000%                0        0.000%
RET_OP_EXEC_COUNT_29                                 0        0.000%                0        0.000%
RET_OP_EXEC_COUNT_30                                 0        0.000%                0        0.000%
RET_OP_EXEC_COUNT_31                                 0        0.000%                0        0.000%
RET_OP_EXEC_COUNT_32                                 0        0.000%                0        0.000%
                                                749007      100.000%           749007      100.000%
                                                  1.00         0.00              1.00         0.00

RET_STALL_LENGTH_0                              746833       99.710%           746833       99.710%
RET_STALL_LENGTH_100                              1874        0.250%             1874        0.250%
RET_STALL_LENGTH_200                                79        0.011%               79        0.011%
RET_STALL_LENGTH_300                                99        0.013%               99        0.013%
RET_STALL_LENGTH_400                                40        0.005%               40        0.005%
RET_STALL_LENGTH_500                                 8        0.001%                8        0.001%
RET_STALL_LENGTH_600                                 2        0.000%                2        0.000%
RET_STALL_LENGTH_700                                 0        0.000%                0        0.000%
RET_STALL_LENGTH_800                                 0        0.000%                0        0.000%
RET_STALL_LENGTH_900                                 0        0.000%                0        0.000%
RET_STALL_LENGTH_1000                                0        0.000%                0        0.000%
RET_STALL_LENGTH_1100                                0        0.000%                0        0.000%
RET_STALL_LENGTH_1200                               56        0.007%               56        0.007%
RET_STALL_LENGTH_1300                               14        0.002%               14        0.002%
RET_STALL_LENGTH_1400                                1        0.000%                1        0.000%
RET_STALL_LENGTH_1500                                0        0.000%                0        0.000%
RET_STALL_LENGTH_1600                                0        0.000%                0        0.000%
RET_STALL_LENGTH_1700                                1        0.000%                1        0.000%
RET_STALL_LENGTH_1800                                0        0.000%                0        0.000%
RET_STALL_LENGTH_1900                                0        0.000%                0        0.000%
RET_STALL_LENGTH_2000                                0        0.000%                0        0.000%
RET_STALL_LENGTH_2100                                0        0.000%                0        0.000%
RET_STALL_LENGTH_2200                                0        0.000%                0        0.000%
RET_STALL_LENGTH_2300                                0        0.000%                0        0.000%
RET_STALL_LENGTH_2400                                0        0.000%                0        0.000%
RET_STALL_LENGTH_2500                                0        0.000%                0        0.000%
RET_STALL_LENGTH_2600                                0        0.000%                0        0.000%
RET_STALL_LENGTH_2700                                0        0.000%                0        0.000%
RET_STALL_LENGTH_2800                                0        0.000%                0        0.000%
RET_STALL_LENGTH_2900                                0        0.000%                0        0.000%
RET_STALL_LENGTH_3000                                0        0.000%                0        0.000%
RET_STALL_LENGTH_3100                                0        0.000%                0        0.000%
RET_STALL_LENGTH_3200                                0        0.000%                0        0.000%
RET_STALL_LENGTH_3300                                0        0.000%                0        0.000%
RET_STALL_LENGTH_3400                                0        0.000%                0        0.000%
RET_STALL_LENGTH_3500                                0        0.000%                0        0.000%
RET_STALL_LENGTH_3600                                0        0.000%                0        0.000%
RET_STALL_LENGTH_3700                                0        0.000%                0        0.000%
RET_STALL_LENGTH_3800                                0        0.000%                0        0.000%
RET_STALL_LENGTH_3900                                0        0.000%                0        0.000%
RET_STALL_LENGTH_4000                                0        0.000%                0        0.000%
RET_STALL_LENGTH_4100                                0        0.000%                0        0.000%
RET_STALL_LENGTH_4200                                0        0.000%                0        0.000%
RET_STALL_LENGTH_4300                                0        0.000%                0        0.000%
RET_STALL_LENGTH_4400                                0        0.000%                0        0.000%
RET_STALL_LENGTH_4500                                0        0.000%                0        0.000%
RET_STALL_LENGTH_4600                                0        0.000%                0        0.000%
RET_STALL_LENGTH_4700                                0        0.000%                0        0.000%
RET_STALL_LENGTH_4800                                0        0.000%                0        0.000%
RET_STALL_LENGTH_4900                                0        0.000%                0        0.000%
RET_STALL_LENGTH_5000                                0        0.000%                0        0.000%
                                                749007      100.000%           749007      100.000%
                                                  0.00         0.14              0.00         0.14

MEM_BLOCK_LENGTH_0                                 387       13.856%              387       13.856%
MEM_BLOCK_LENGTH_100                               371       13.283%              371       13.283%
MEM_BLOCK_LENGTH_200                               334       11.958%              334       11.958%
MEM_BLOCK_LENGTH_300                               271        9.703%              271        9.703%
MEM_BLOCK_LENGTH_400                               316       11.314%              316       11.314%
MEM_BLOCK_LENGTH_500                               251        8.987%              251        8.987%
MEM_BLOCK_LENGTH_600                               199        7.125%              199        7.125%
MEM_BLOCK_LENGTH_700                               170        6.087%              170        6.087%
MEM_BLOCK_LENGTH_800                               121        4.332%              121        4.332%
MEM_BLOCK_LENGTH_900                                77        2.757%               77        2.757%
MEM_BLOCK_LENGTH_1000                               59        2.112%               59        2.112%
MEM_BLOCK_LENGTH_1100                               45        1.611%               45        1.611%
MEM_BLOCK_LENGTH_1200                               47        1.683%               47        1.683%
MEM_BLOCK_LENGTH_1300                               19        0.680%               19        0.680%
MEM_BLOCK_LENGTH_1400                               30        1.074%               30        1.074%
MEM_BLOCK_LENGTH_1500                               14        0.501%               14        0.501%
MEM_BLOCK_LENGTH_1600                               10        0.358%               10        0.358%
MEM_BLOCK_LENGTH_1700                               14        0.501%               14        0.501%
MEM_BLOCK_LENGTH_1800                               12        0.430%               12        0.430%
MEM_BLOCK_LENGTH_1900                                7        0.251%                7        0.251%
MEM_BLOCK_LENGTH_2000                               11        0.394%               11        0.394%
MEM_BLOCK_LENGTH_2100                                8        0.286%                8        0.286%
MEM_BLOCK_LENGTH_2200                                3        0.107%                3        0.107%
MEM_BLOCK_LENGTH_2300                                6        0.215%                6        0.215%
MEM_BLOCK_LENGTH_2400                                1        0.036%                1        0.036%
MEM_BLOCK_LENGTH_2500                                2        0.072%                2        0.072%
MEM_BLOCK_LENGTH_2600                                1        0.036%                1        0.036%
MEM_BLOCK_LENGTH_2700                                0        0.000%                0        0.000%
MEM_BLOCK_LENGTH_2800                                1        0.036%                1        0.036%
MEM_BLOCK_LENGTH_2900                                3        0.107%                3        0.107%
MEM_BLOCK_LENGTH_3000                                0        0.000%                0        0.000%
MEM_BLOCK_LENGTH_3100                                1        0.036%                1        0.036%
MEM_BLOCK_LENGTH_3200                                0        0.000%                0        0.000%
MEM_BLOCK_LENGTH_3300                                1        0.036%                1        0.036%
MEM_BLOCK_LENGTH_3400                                0        0.000%                0        0.000%
MEM_BLOCK_LENGTH_3500                                0        0.000%                0        0.000%
MEM_BLOCK_LENGTH_3600                                0        0.000%                0        0.000%
MEM_BLOCK_LENGTH_3700                                0        0.000%                0        0.000%
MEM_BLOCK_LENGTH_3800                                0        0.000%                0        0.000%
MEM_BLOCK_LENGTH_3900                                1        0.036%                1        0.036%
MEM_BLOCK_LENGTH_4000                                0        0.000%                0        0.000%
MEM_BLOCK_LENGTH_4100                                0        0.000%                0        0.000%
MEM_BLOCK_LENGTH_4200                                0        0.000%                0        0.000%
MEM_BLOCK_LENGTH_4300                                0        0.000%                0        0.000%
MEM_BLOCK_LENGTH_4400                                0        0.000%                0        0.000%
MEM_BLOCK_LENGTH_4500                                0        0.000%                0        0.000%
MEM_BLOCK_LENGTH_4600                                0        0.000%                0        0.000%
MEM_BLOCK_LENGTH_4700                                0        0.000%                0        0.000%
MEM_BLOCK_LENGTH_4800                                0        0.000%                0        0.000%
MEM_BLOCK_LENGTH_4900                                0        0.000%                0        0.000%
MEM_BLOCK_LENGTH_5000                                0        0.000%                0        0.000%
                                                  2793      100.000%             2793      100.000%
                                                  4.51         4.04              4.51         4.04

FUS_BUSY_ON_PATH                               4544225        2.5071          4544225        2.5071

FUS_BUSY_OFF_PATH                                   25        0.0000               25        0.0000

FU_BUSY_MEM_STALL                              3795239        2.0939          3795239        2.0939

FUS_EMPTY                                      9956142        5.4929          9956142        5.4929

CHIP_UTILIZATION                                     0        0.0000                0        0.0000

CYCLES_UNDER_MEM_REQ                                 0                              0              

CYCLES_UNDER_NO_MEM_REQ                              0                              0              

CYCLES_UNDER_CRITICAL_MEM_REQ                        0                              0              

CYCLES_UNDER_NONCRITICAL_MEM_REQ                     0                              0              

CHIP_UTILIZATION_UNDER_MEM_REQ                       0          -nan                0          -nan

CHIP_UTILIZATION_UNDER_NO_MEM_REQ                    0          -nan                0          -nan

CHIP_UTILIZATION_UNDER_CRITICAL_MEM_REQ              0          -nan                0          -nan

CHIP_UTILIZATION_UNDER_NONCRITICAL_MEM_REQ             0          -nan                0          -nan

CYCLES_NOT_WAITING_FOR_OFF_CHIP                      0        0.0000                0        0.0000

FUS_BUSY_NOT_WAITING_FOR_OFF_CHIP                    0          -nan                0          -nan

CYCLES_WAITING_FOR_OFF_CHIP                          0        0.0000                0        0.0000

FUS_BUSY_WAITING_FOR_OFF_CHIP                        0          -nan                0          -nan

TOTAL_OFF_CHIP_DELAYS_LEFT                           0                              0              

WRONG_IO_SCHED                                       0                              0              

DVFS_CONFIG_SWITCH                                   0                              0              



