/* -*- Mode: c -*- */
####################################################################################################
Core 0
####################################################################################################
Cumulative:        Cycles: 24046183              Instructions: 4194329               IPC: 0.17443

PREF_DL0REQ_QUEUE_HIT_BY_DEMAND                      0                              0              

PREF_UMLC_REQ_QUEUE_HIT_BY_DEMAND                    0                              0              

PREF_UL1REQ_QUEUE_HIT_BY_DEMAND                      0                              0              

PREF_DL0REQ_QUEUE_FULL                               0                              0              

PREF_UMLC_REQ_QUEUE_FULL                             0                              0              

PREF_UL1REQ_QUEUE_FULL                               0                              0              

PREF_DC_HIT_NOSEND                                   0                              0              

PREF_WBQDC_HIT_NOSEND                                0                              0              

PREF_MLCQ_STALL                                      0                              0              

PREF_L1Q_STALL                                       0                              0              

PREF_UMLC_REQ_SEND_QUEUE_STALL                       0                              0              

PREF_UL1REQ_SEND_QUEUE_STALL                         0                              0              

PREF_UMLC_REQ_QUEUE_SENTREQ                          0                              0              

PREF_UL1REQ_QUEUE_SENTREQ                      1008701                        1008701              

PREF_NEWREQ_MATCHED                                  4                              4              

PREF_UMLC_REQ_QUEUE_MATCHED_REQ                      0                              0              

PREF_UL1REQ_QUEUE_MATCHED_REQ                  6569532                        6569532              

PREF_DL0REQ_QUEUE_MATCHED_REQ                        0                              0              

L1_PREF_HIT                                     302963                         302963              

L1_PREF_UNIQUE_HIT                              302963                         302963              

L1_PREF_LATE                                    705612                         705612              

L1_LATE_PREF_CYCLES                           98650162                       98650162              

L1_LATE_PREF_CYCLES_DIST_0                      106772       15.132%           106772       15.132%
L1_LATE_PREF_CYCLES_DIST_100                    551704       78.188%           551704       78.188%
L1_LATE_PREF_CYCLES_DIST_200                     40929        5.800%            40929        5.800%
L1_LATE_PREF_CYCLES_DIST_300                         3        0.000%                3        0.000%
L1_LATE_PREF_CYCLES_DIST_400                         0        0.000%                0        0.000%
L1_LATE_PREF_CYCLES_DIST_500                         0        0.000%                0        0.000%
L1_LATE_PREF_CYCLES_DIST_600                         0        0.000%                0        0.000%
L1_LATE_PREF_CYCLES_DIST_700                         0        0.000%                0        0.000%
L1_LATE_PREF_CYCLES_DIST_800                         0        0.000%                0        0.000%
L1_LATE_PREF_CYCLES_DIST_900                         0        0.000%                0        0.000%
L1_LATE_PREF_CYCLES_DIST_1000                       14        0.002%               14        0.002%
L1_LATE_PREF_CYCLES_DIST_1100                      395        0.056%              395        0.056%
L1_LATE_PREF_CYCLES_DIST_1200                     1660        0.235%             1660        0.235%
L1_LATE_PREF_CYCLES_DIST_1300                     3509        0.497%             3509        0.497%
L1_LATE_PREF_CYCLES_DIST_1400                      597        0.085%              597        0.085%
L1_LATE_PREF_CYCLES_DIST_1500                       29        0.004%               29        0.004%
L1_LATE_PREF_CYCLES_DIST_1600                        0        0.000%                0        0.000%
L1_LATE_PREF_CYCLES_DIST_1700                        0        0.000%                0        0.000%
L1_LATE_PREF_CYCLES_DIST_1800                        0        0.000%                0        0.000%
L1_LATE_PREF_CYCLES_DIST_1900                        0        0.000%                0        0.000%
L1_LATE_PREF_CYCLES_DIST_2000                        0        0.000%                0        0.000%
                                                705612      100.000%           705612      100.000%
                                                  1.01         1.12              1.01         1.12

MLC_PREF_HIT                                         0                              0              

MLC_PREF_UNIQUE_HIT                                  0                              0              

MLC_PREF_LATE                                        0                              0              

PREF_HYBRID_SEL_0                                    0         -nan%                0         -nan%
PREF_HYBRID_SEL_1                                    0         -nan%                0         -nan%
PREF_HYBRID_SEL_2                                    0         -nan%                0         -nan%
PREF_HYBRID_SEL_3                                    0         -nan%                0         -nan%
PREF_HYBRID_SEL_4                                    0         -nan%                0         -nan%
PREF_HYBRID_SEL_5                                    0         -nan%                0         -nan%
PREF_HYBRID_SEL_6                                    0         -nan%                0         -nan%
                                                     0         -nan%                0         -nan%
                                                  -nan         -nan              -nan         -nan

PREF_DISTANCE_1                                      0         -nan%                0         -nan%
PREF_DISTANCE_2                                      0         -nan%                0         -nan%
PREF_DISTANCE_3                                      0         -nan%                0         -nan%
PREF_DISTANCE_4                                      0         -nan%                0         -nan%
PREF_DISTANCE_5                                      0         -nan%                0         -nan%
PREF_DISTANCE_6                                      0         -nan%                0         -nan%
PREF_DISTANCE_7                                      0         -nan%                0         -nan%
PREF_DISTANCE_8                                      0         -nan%                0         -nan%
PREF_DISTANCE_9                                      0         -nan%                0         -nan%
PREF_DISTANCE_10                                     0         -nan%                0         -nan%
                                                     0         -nan%                0         -nan%
                                                  -nan         -nan              -nan         -nan

PREF_REPL_MRU                                        0         -nan%                0         -nan%
PREF_REPL_MID                                        0         -nan%                0         -nan%
PREF_REPL_LOWQTR                                     0         -nan%                0         -nan%
PREF_REPL_LRU                                        0         -nan%                0         -nan%
                                                     0         -nan%                0         -nan%
                                                  -nan         -nan              -nan         -nan

PREF_REPL_MOVEDOWN                                   0         -nan%                0         -nan%
PREF_REPL_MOVEUP                                     0         -nan%                0         -nan%
                                                     0         -nan%                0         -nan%
                                                  -nan         -nan              -nan         -nan

PREF_COV_1                                           0         -nan%                0         -nan%
PREF_COV_2                                           0         -nan%                0         -nan%
PREF_COV_3                                           0         -nan%                0         -nan%
PREF_COV_4                                           0         -nan%                0         -nan%
PREF_COV_5                                           0         -nan%                0         -nan%
PREF_COV_6                                           0         -nan%                0         -nan%
PREF_COV_7                                           0         -nan%                0         -nan%
PREF_COV_8                                           0         -nan%                0         -nan%
PREF_COV_9                                           0         -nan%                0         -nan%
PREF_COV_10                                          0         -nan%                0         -nan%
                                                     0         -nan%                0         -nan%
                                                  -nan         -nan              -nan         -nan

PREF_POL_1                                           0        0.000%                0        0.000%
PREF_POL_2                                           0        0.000%                0        0.000%
PREF_POL_3                                           0        0.000%                0        0.000%
PREF_POL_4                                           0        0.000%                0        0.000%
PREF_POL_5                                           0        0.000%                0        0.000%
PREF_POL_6                                           0        0.000%                0        0.000%
PREF_POL_7                                           0        0.000%                0        0.000%
PREF_POL_8                                           0        0.000%                0        0.000%
PREF_POL_9                                           0        0.000%                0        0.000%
PREF_POL_10                                        126      100.000%              126      100.000%
                                                   126      100.000%              126      100.000%
                                                  9.00         9.04              9.00         9.04

PREF_ACC_1                                         126      100.000%              126      100.000%
PREF_ACC_2                                           0        0.000%                0        0.000%
PREF_ACC_3                                           0        0.000%                0        0.000%
PREF_ACC_4                                           0        0.000%                0        0.000%
PREF_ACC_5                                           0        0.000%                0        0.000%
PREF_ACC_6                                           0        0.000%                0        0.000%
PREF_ACC_7                                           0        0.000%                0        0.000%
PREF_ACC_8                                           0        0.000%                0        0.000%
PREF_ACC_9                                           0        0.000%                0        0.000%
PREF_ACC_10                                          0        0.000%                0        0.000%
                                                   126      100.000%              126      100.000%
                                                  0.00         0.00              0.00         0.00

PREF_TIMELY_1                                        0        0.000%                0        0.000%
PREF_TIMELY_2                                        0        0.000%                0        0.000%
PREF_TIMELY_3                                       57       45.238%               57       45.238%
PREF_TIMELY_4                                       69       54.762%               69       54.762%
PREF_TIMELY_5                                        0        0.000%                0        0.000%
PREF_TIMELY_6                                        0        0.000%                0        0.000%
PREF_TIMELY_7                                        0        0.000%                0        0.000%
PREF_TIMELY_8                                        0        0.000%                0        0.000%
PREF_TIMELY_9                                        0        0.000%                0        0.000%
PREF_TIMELY_10                                       0        0.000%                0        0.000%
                                                   126      100.000%              126      100.000%
                                                  2.55         0.50              2.55         0.50

PREF_UNUSED_EVICT                                  109                            109              

PREF_REGION_SENT                                     0                              0              

PREF_REGION_USEFUL                                   0                              0              

PREF_REGION_EVICT                                    0                              0              

PREF_PFPOL                                           0                              0              

PREF_PHASE_NEWPHASE_DET                              0                              0              

PREF_PHASE_NEWPHASE_NOTVALID                         0                              0              

PREF_PHASE_SENTPREF                                  0                              0              

PREF_PHASE_OVERWRITE_PAGE                            0                              0              

PREF_UPDATE_COUNT                                    0                              0              

PREF_ACC1_HT_HP                                      0         -nan%                0         -nan%
PREF_ACC1_HT_LP                                      0         -nan%                0         -nan%
PREF_ACC1_LT_HP                                      0         -nan%                0         -nan%
PREF_ACC1_LT_LP                                      0         -nan%                0         -nan%
PREF_ACC2_HT_HP                                      0         -nan%                0         -nan%
PREF_ACC2_HT_LP                                      0         -nan%                0         -nan%
PREF_ACC2_LT_HP                                      0         -nan%                0         -nan%
PREF_ACC2_LT_LP                                      0         -nan%                0         -nan%
PREF_ACC3_HT_HP                                      0         -nan%                0         -nan%
PREF_ACC3_HT_LP                                      0         -nan%                0         -nan%
PREF_ACC3_LT_HP                                      0         -nan%                0         -nan%
PREF_ACC3_LT_LP                                      0         -nan%                0         -nan%
PREF_ACC4_HT_HP                                      0         -nan%                0         -nan%
PREF_ACC4_HT_LP                                      0         -nan%                0         -nan%
PREF_ACC4_LT_HP                                      0         -nan%                0         -nan%
PREF_ACC4_LT_LP                                      0         -nan%                0         -nan%
                                                     0         -nan%                0         -nan%
                                                  -nan         -nan              -nan         -nan

PREF_SPP_OPERATE                               1048601                        1048601              

PREF_SPP_ST_HIT                                1024005                        1024005              

PREF_SPP_ST_MISS_INSTALL                         24596                          24596              

PREF_SPP_GHR_BOOT                                24580                          24580              

PREF_SPP_PF_ISSUED_L2                           756444                         756444              

PREF_SPP_PF_ISSUED_LLC                         6821789                        6821789              

PREF_SPP_PF_FILTERED                            115626                         115626              

PREF_SPP_PF_PAGE_CROSS                          953665                         953665              

PREF_SPP_PF_USEFUL                              756435                         756435              

PREF_SPP_LOOKAHEAD_DEPTH_TOTAL                 8647524                        8647524              

PREF_SPP_LOOKAHEAD_DEPTH_0                          49       69.014%               49       69.014%
PREF_SPP_LOOKAHEAD_DEPTH_1                          22       30.986%               22       30.986%
                                                    71      100.000%               71      100.000%
                                                  0.31         0.42              0.31         0.42

PREF_SPP_LOOKAHEAD_DEPTH_2                           6       85.714%                6       85.714%
PREF_SPP_LOOKAHEAD_DEPTH_3                           1       14.286%                1       14.286%
                                                     7      100.000%                7      100.000%
                                                  0.14         0.35              0.14         0.35

PREF_SPP_LOOKAHEAD_DEPTH_4                           2        3.390%                2        3.390%
PREF_SPP_LOOKAHEAD_DEPTH_5                          57       96.610%               57       96.610%
                                                    59      100.000%               59      100.000%
                                                  0.97         0.96              0.97         0.96

PREF_SPP_LOOKAHEAD_DEPTH_6                       65789       21.117%            65789       21.117%
PREF_SPP_LOOKAHEAD_DEPTH_7                      245749       78.883%           245749       78.883%
                                                311538      100.000%           311538      100.000%
                                                  0.79         0.73              0.79         0.73

PREF_SPP_LOOKAHEAD_DEPTH_8                      279211       37.889%           279211       37.889%
PREF_SPP_LOOKAHEAD_DEPTH_GE9                    457715       62.111%           457715       62.111%
                                                736926      100.000%           736926      100.000%
                                                  0.62         0.57              0.62         0.57



