/* -*- Mode: c -*- */
####################################################################################################
Core 0
####################################################################################################
Cumulative:        Cycles: 2477458               Instructions: 6815237               IPC: 2.75090

ST_OP_INV                                            0        0.000%                0        0.000%
ST_OP_NOP                                         2047        0.030%             2047        0.030%
ST_OP_CF                                        523778        7.685%           523778        7.685%
ST_OP_MOV                                       525827        7.715%           525827        7.715%
ST_OP_CMOV                                           0        0.000%                0        0.000%
ST_OP_LDA                                         8186        0.120%             8186        0.120%
ST_OP_IMEM                                           2        0.000%                2        0.000%
ST_OP_IADD                                     3136520       46.022%          3136520       46.022%
ST_OP_IMUL                                           0        0.000%                0        0.000%
ST_OP_IDIV                                           0        0.000%                0        0.000%
ST_OP_ICMP                                      523776        7.685%           523776        7.685%
ST_OP_LOGIC                                       4093        0.060%             4093        0.060%
ST_OP_SHIFT                                       2046        0.030%             2046        0.030%
ST_OP_FMEM                                     2088966       30.651%          2088966       30.651%
ST_OP_FCVT                                           0        0.000%                0        0.000%
ST_OP_FADD                                           0        0.000%                0        0.000%
ST_OP_FMUL                                           0        0.000%                0        0.000%
ST_OP_FMA                                            0        0.000%                0        0.000%
ST_OP_FDIV                                           0        0.000%                0        0.000%
ST_OP_FCMP                                           0        0.000%                0        0.000%
ST_OP_FCMOV                                          0        0.000%                0        0.000%
ST_OP_GATHER                                         0        0.000%                0        0.000%
ST_OP_SCATTER                                        0        0.000%                0        0.000%
ST_OP_PIPELINED_FAST                                 0        0.000%                0        0.000%
ST_OP_PIPELINED_MEDIUM                               0        0.000%                0        0.000%
ST_OP_PIPELINED_SLOW                                 0        0.000%                0        0.000%
ST_OP_NOTPIPELINED_MEDIUM                            0        0.000%                0        0.000%
ST_OP_NOTPIPELINED_SLOW                              0        0.000%                0        0.000%
ST_OP_NOTPIPELINED_VERY_SLOW                         0        0.000%                0        0.000%
                                               6815241      100.000%          6815241      100.000%
                                                  8.38         3.61              8.38         3.61

ST_NOT_CF                                      6291463       92.315%          6291463       92.315%
ST_CF_BR                                             0        0.000%                0        0.000%
ST_CF_CBR                                       523776        7.685%           523776        7.685%
ST_CF_CALL                                           1        0.000%                1        0.000%
ST_CF_IBR                                            0        0.000%                0        0.000%
ST_CF_ICALL                                          0        0.000%                0        0.000%
ST_CF_ICO                                            0        0.000%                0        0.000%
ST_CF_RET                                            1        0.000%                1        0.000%
ST_CF_SYS                                            0        0.000%                0        0.000%
                                               6815241      100.000%          6815241      100.000%
                                                  0.15         0.51              0.15         0.51

ST_BAR_NONE                                    6815241      100.000%          6815241      100.000%
ST_BAR_FETCH                                         0        0.000%                0        0.000%
ST_BAR_ISSUE                                         0        0.000%                0        0.000%
ST_BAR_BOTH                                          0        0.000%                0        0.000%
                                               6815241      100.000%          6815241      100.000%
                                                  0.00         0.00              0.00         0.00

ST_NOT_MEM                                     4726273       69.349%          4726273       69.349%
ST_MEM_LD                                      2088967       30.651%          2088967       30.651%
ST_MEM_ST                                            1        0.000%                1        0.000%
ST_MEM_PF                                            0        0.000%                0        0.000%
ST_MEM_WH                                            0        0.000%                0        0.000%
ST_MEM_EVICT                                         0        0.000%                0        0.000%
                                               6815241      100.000%          6815241      100.000%
                                                  0.31         0.38              0.31         0.38

ST_NOT_MEM_OFFPATH                                 472       71.299%              472       71.299%
ST_MEM_LD_OFFPATH                                  190       28.701%              190       28.701%
ST_MEM_ST_OFFPATH                                    0        0.000%                0        0.000%
ST_MEM_PF_OFFPATH                                    0        0.000%                0        0.000%
ST_MEM_WH_OFFPATH                                    0        0.000%                0        0.000%
ST_MEM_EVIC_OFFPATHT                                 0        0.000%                0        0.000%
                                                   662      100.000%              662      100.000%
                                                  0.29         0.38              0.29         0.38

ST_OP_ONPATH                                   6815241                        6815241              

ST_OP_OFFPATH                                      662                            662              

ST_FAKE_OP_OFFPATH                                   0        0.000%                0        0.000%
ST_NOT_FAKE_OP_OFFPATH                             662      100.000%              662      100.000%
                                                   662      100.000%              662      100.000%
                                                  1.00         1.00              1.00         1.00

ST_FAKE_REASON_NOT_FAKE                            662      100.000%              662      100.000%
ST_FAKE_REASON_REDIRECT_TO_NOT_INSTRUMENTED             0        0.000%                0        0.000%
ST_FAKE_REASON_RETURN_TO_NOT_INSTRUMENTED             0        0.000%                0        0.000%
ST_FAKE_REASON_NONRET_CF_TO_NOT_INSTRUMENTED             0        0.000%                0        0.000%
ST_FAKE_REASON_NOT_TAKEN_TO_NOT_INSTRUMENTED             0        0.000%                0        0.000%
ST_FAKE_REASON_WRONG_PATH_STORE_TO_NEW_REGION             0        0.000%                0        0.000%
                                                   662      100.000%              662      100.000%
                                                  0.00         0.00              0.00         0.00

ST_INST_ONPATH                                 6815237                        6815237              

ST_INST_OFFPATH                                    658                            658              

STATIC_PIN_NOP                                       0                              0              

DYNAMIC_PIN_REP_GREATER_256                          0                              0              



