/* -*- Mode: c -*- */
####################################################################################################
Core 0
####################################################################################################
Cumulative:        Cycles: 24046183              Instructions: 4194329               IPC: 0.17443

ST_OP_INV                                            0        0.000%                0        0.000%
ST_OP_NOP                                            4        0.000%                4        0.000%
ST_OP_CF                                       1048582       20.000%          1048582       20.000%
ST_OP_MOV                                            6        0.000%                6        0.000%
ST_OP_CMOV                                           0        0.000%                0        0.000%
ST_OP_LDA                                            4        0.000%                4        0.000%
ST_OP_IMEM                                     2097154       40.000%          2097154       40.000%
ST_OP_IADD                                     1048582       20.000%          1048582       20.000%
ST_OP_IMUL                                           0        0.000%                0        0.000%
ST_OP_IDIV                                           0        0.000%                0        0.000%
ST_OP_ICMP                                           0        0.000%                0        0.000%
ST_OP_LOGIC                                    1048577       20.000%          1048577       20.000%
ST_OP_SHIFT                                          0        0.000%                0        0.000%
ST_OP_FMEM                                           0        0.000%                0        0.000%
ST_OP_FCVT                                           0        0.000%                0        0.000%
ST_OP_FADD                                           0        0.000%                0        0.000%
ST_OP_FMUL                                           0        0.000%                0        0.000%
ST_OP_FMA                                            0        0.000%                0        0.000%
ST_OP_FDIV                                           0        0.000%                0        0.000%
ST_OP_FCMP                                           0        0.000%                0        0.000%
ST_OP_FCMOV                                          0        0.000%                0        0.000%
ST_OP_GATHER                                         0        0.000%                0        0.000%
ST_OP_SCATTER                                        0        0.000%                0        0.000%
ST_OP_PIPELINED_FAST                                 0        0.000%                0        0.000%
ST_OP_PIPELINED_MEDIUM                               0        0.000%                0        0.000%
ST_OP_PIPELINED_SLOW                                 0        0.000%                0        0.000%
ST_OP_NOTPIPELINED_MEDIUM                            0        0.000%                0        0.000%
ST_OP_NOTPIPELINED_SLOW                              0        0.000%                0        0.000%
ST_OP_NOTPIPELINED_VERY_SLOW                         0        0.000%                0        0.000%
                                               5242909      100.000%          5242909      100.000%
                                                  6.40         2.87              6.40         2.87

ST_NOT_CF                                      4194327       80.000%          4194327       80.000%
ST_CF_BR                                             0        0.000%                0        0.000%
ST_CF_CBR                                      1048580       20.000%          1048580       20.000%
ST_CF_CALL                                           1        0.000%                1        0.000%
ST_CF_IBR                                            0        0.000%                0        0.000%
ST_CF_ICALL                                          0        0.000%                0        0.000%
ST_CF_ICO                                            0        0.000%                0        0.000%
ST_CF_RET                                            1        0.000%                1        0.000%
ST_CF_SYS                                            0        0.000%                0        0.000%
                                               5242909      100.000%          5242909      100.000%
                                                  0.40         0.72              0.40         0.72

ST_BAR_NONE                                    5242909      100.000%          5242909      100.000%
ST_BAR_FETCH                                         0        0.000%                0        0.000%
ST_BAR_ISSUE                                         0        0.000%                0        0.000%
ST_BAR_BOTH                                          0        0.000%                0        0.000%
                                               5242909      100.000%          5242909      100.000%
                                                  0.00         0.00              0.00         0.00

ST_NOT_MEM                                     3145755       60.000%          3145755       60.000%
ST_MEM_LD                                      2097153       40.000%          2097153       40.000%
ST_MEM_ST                                            1        0.000%                1        0.000%
ST_MEM_PF                                            0        0.000%                0        0.000%
ST_MEM_WH                                            0        0.000%                0        0.000%
ST_MEM_EVICT                                         0        0.000%                0        0.000%
                                               5242909      100.000%          5242909      100.000%
                                                  0.40         0.38              0.40         0.38

ST_NOT_MEM_OFFPATH                                1559       70.067%             1559       70.067%
ST_MEM_LD_OFFPATH                                  666       29.933%              666       29.933%
ST_MEM_ST_OFFPATH                                    0        0.000%                0        0.000%
ST_MEM_PF_OFFPATH                                    0        0.000%                0        0.000%
ST_MEM_WH_OFFPATH                                    0        0.000%                0        0.000%
ST_MEM_EVIC_OFFPATHT                                 0        0.000%                0        0.000%
                                                  2225      100.000%             2225      100.000%
                                                  0.30         0.38              0.30         0.38

ST_OP_ONPATH                                   5242909                        5242909              

ST_OP_OFFPATH                                     2225                           2225              

ST_FAKE_OP_OFFPATH                                 474       21.303%              474       21.303%
ST_NOT_FAKE_OP_OFFPATH                            1751       78.697%             1751       78.697%
                                                  2225      100.000%             2225      100.000%
                                                  0.79         0.72              0.79         0.72

ST_FAKE_REASON_NOT_FAKE                           1751       78.697%             1751       78.697%
ST_FAKE_REASON_REDIRECT_TO_NOT_INSTRUMENTED             0        0.000%                0        0.000%
ST_FAKE_REASON_RETURN_TO_NOT_INSTRUMENTED           474       21.303%              474       21.303%
ST_FAKE_REASON_NONRET_CF_TO_NOT_INSTRUMENTED             0        0.000%                0        0.000%
ST_FAKE_REASON_NOT_TAKEN_TO_NOT_INSTRUMENTED             0        0.000%                0        0.000%
ST_FAKE_REASON_WRONG_PATH_STORE_TO_NEW_REGION             0        0.000%                0        0.000%
                                                  2225      100.000%             2225      100.000%
                                                  0.43         0.73              0.43         0.73

ST_INST_ONPATH                                 4194329                        4194329              

ST_INST_OFFPATH                                   1886                           1886              

STATIC_PIN_NOP                                       0                              0              

DYNAMIC_PIN_REP_GREATER_256                          0                              0              



